// Jest Snapshot v1, https://goo.gl/fbAQLP

exports[`ExitChats matches snapshot 1`] = `
<DocumentFragment>
  <button
    aria-label="Minimize chat"
    class="
 button-medium button-plain
 icon button inline-flex items-center
 justify-center rounded-full p-1
 text-[color:var(--color-tone-2)] hover:bg-[var(--color-secondary-background-hover)]
 active:bg-[var(--color-interactive-pressed)]"
    id="exitchats"
    type="button"
  >
    <span
      class="flex items-center justify-center"
    >
      <span
        class="flex"
      >
        <svg
          fill="currentColor"
          height="16"
          viewBox="0 0 20 20"
          width="16"
          xmlns="http://www.w3.org/2000/svg"
        >
          <path
            d="m18.442 2.442-.884-.884L10 9.116 2.442 1.558l-.884.884L9.116 10l-7.558 7.558.884.884L10 10.884l7.558 7.558.884-.884L10.884 10l7.558-7.558Z"
          />
           
        </svg>
      </span>
         
    </span>
          
  </button>
</DocumentFragment>
`;
